// Jest Snapshot v1, https://goo.gl/fbAQLP

exports[`Home renders the component 1`] = `
<div class="page">
  <Timer start="25:00"></Timer>
</div>
`;
